src/controllers/admin.controller.ts(473,9): error TS2353: Object literal may only specify known properties, and 'payoutDone' does not exist in type '(Without<OrderUpdateInput, OrderUncheckedUpdateInput> & OrderUncheckedUpdateInput) | (Without<...> & OrderUpdateInput)'.
src/controllers/gamification.controller.ts(4,11): error TS2430: Interface 'AuthRequest' incorrectly extends interface 'Request<ParamsDictionary, any, any, ParsedQs, Record<string, any>>'.
  Types of property 'user' are incompatible.
    Type '{ userId: string; role: string; email: string; } | undefined' is not assignable to type '{ userId: string; role: string; nome: string; } | undefined'.
      Property 'nome' is missing in type '{ userId: string; role: string; email: string; }' but required in type '{ userId: string; role: string; nome: string; }'.
src/controllers/gamification.controller.ts(32,60): error TS2322: Type 'string | string[]' is not assignable to type 'string | undefined'.
  Type 'string[]' is not assignable to type 'string'.
src/controllers/gamification.controller.ts(131,60): error TS2322: Type 'string | string[]' is not assignable to type 'string | undefined'.
  Type 'string[]' is not assignable to type 'string'.
src/routes/index.ts(119,55): error TS2769: No overload matches this call.
  The last overload gave the following error.
    Argument of type '(req: AuthRequest, res: Response<any, Record<string, any>>) => Promise<void>' is not assignable to parameter of type 'RequestHandlerParams<ParamsDictionary, any, any, ParsedQs, Record<string, any>>'.
      Type '(req: AuthRequest, res: Response<any, Record<string, any>>) => Promise<void>' is not assignable to type 'RequestHandler<ParamsDictionary, any, any, ParsedQs, Record<string, any>>'.
        Types of parameters 'req' and 'req' are incompatible.
          Type 'Request<ParamsDictionary, any, any, ParsedQs, Record<string, any>>' is not assignable to type 'AuthRequest'.
            Types of property 'user' are incompatible.
              Type '{ userId: string; role: string; nome: string; } | undefined' is not assignable to type '{ userId: string; role: string; email: string; } | undefined'.
                Property 'email' is missing in type '{ userId: string; role: string; nome: string; }' but required in type '{ userId: string; role: string; email: string; }'.
src/routes/index.ts(120,35): error TS2769: No overload matches this call.
  The last overload gave the following error.
    Argument of type '(req: AuthRequest, res: Response<any, Record<string, any>>) => Promise<void>' is not assignable to parameter of type 'Application<Record<string, any>>'.
      Type '(req: AuthRequest, res: Response<any, Record<string, any>>) => Promise<void>' is missing the following properties from type 'Application<Record<string, any>>': init, defaultConfiguration, engine, set, and 63 more.
src/routes/index.ts(123,39): error TS2769: No overload matches this call.
  The last overload gave the following error.
    Argument of type '(req: AuthRequest, res: Response<any, Record<string, any>>) => Promise<void>' is not assignable to parameter of type 'RequestHandlerParams<ParamsDictionary, any, any, ParsedQs, Record<string, any>>'.
      Type '(req: AuthRequest, res: Response<any, Record<string, any>>) => Promise<void>' is not assignable to type 'RequestHandler<ParamsDictionary, any, any, ParsedQs, Record<string, any>>'.
        Types of parameters 'req' and 'req' are incompatible.
          Type 'Request<ParamsDictionary, any, any, ParsedQs, Record<string, any>>' is not assignable to type 'AuthRequest'.
            Types of property 'user' are incompatible.
              Type '{ userId: string; role: string; nome: string; } | undefined' is not assignable to type '{ userId: string; role: string; email: string; } | undefined'.
                Property 'email' is missing in type '{ userId: string; role: string; nome: string; }' but required in type '{ userId: string; role: string; email: string; }'.
src/routes/index.ts(124,46): error TS2769: No overload matches this call.
  The last overload gave the following error.
    Argument of type '(req: AuthRequest, res: Response<any, Record<string, any>>) => Promise<void>' is not assignable to parameter of type 'RequestHandlerParams<ParamsDictionary, any, any, ParsedQs, Record<string, any>>'.
      Type '(req: AuthRequest, res: Response<any, Record<string, any>>) => Promise<void>' is not assignable to type 'RequestHandler<ParamsDictionary, any, any, ParsedQs, Record<string, any>>'.
        Types of parameters 'req' and 'req' are incompatible.
          Type 'Request<ParamsDictionary, any, any, ParsedQs, Record<string, any>>' is not assignable to type 'AuthRequest'.
            Types of property 'user' are incompatible.
              Type '{ userId: string; role: string; nome: string; } | undefined' is not assignable to type '{ userId: string; role: string; email: string; } | undefined'.
                Property 'email' is missing in type '{ userId: string; role: string; nome: string; }' but required in type '{ userId: string; role: string; email: string; }'.
